
Allocating common symbols
Common symbol       size              file

idt_ptr             0x6               kernel/global.o
inode_table         0xb00             kernel/global.o
task_stack          0x38000           kernel/global.o
k_reenter           0x4               kernel/global.o
gdt                 0x400             kernel/global.o
current_console     0x4               kernel/global.o
pcaller             0x4               kernel/global.o
tty_table           0x1090            kernel/global.o
tss                 0x68              kernel/global.o
fs_msg              0x30              kernel/global.o
f_desc_table        0x300             kernel/global.o
GameMap             0x80              kernel/main.o
root_inode          0x4               kernel/global.o
disp_pos            0x4               kernel/global.o
key_pressed         0x4               kernel/global.o
gdt_ptr             0x6               kernel/global.o
idt                 0x800             kernel/global.o
super_block         0x1e0             kernel/global.o
PARTITION_ENTRY     0x10              kernel/hd.o
ticks               0x4               kernel/global.o
console_table       0x50              kernel/global.o
date                0x7e0             kernel/main.o
irq_table           0x40              kernel/global.o
p_proc_ready        0x4               kernel/global.o
proc_table          0xb0c             kernel/global.o
Snake               0x600             kernel/main.o

Discarded input sections

 .group         0x0000000000000000        0x8 kernel/start.o
 .note.GNU-stack
                0x0000000000000000        0x0 kernel/start.o
 .group         0x0000000000000000        0x8 kernel/main.o
 .group         0x0000000000000000        0x8 kernel/main.o
 .text.__x86.get_pc_thunk.bx
                0x0000000000000000        0x4 kernel/main.o
 .note.GNU-stack
                0x0000000000000000        0x0 kernel/main.o
 .group         0x0000000000000000        0x8 kernel/clock.o
 .text.__x86.get_pc_thunk.bx
                0x0000000000000000        0x4 kernel/clock.o
 .note.GNU-stack
                0x0000000000000000        0x0 kernel/clock.o
 .group         0x0000000000000000        0x8 kernel/keyboard.o
 .text.__x86.get_pc_thunk.bx
                0x0000000000000000        0x4 kernel/keyboard.o
 .note.GNU-stack
                0x0000000000000000        0x0 kernel/keyboard.o
 .group         0x0000000000000000        0x8 kernel/tty.o
 .group         0x0000000000000000        0x8 kernel/tty.o
 .text.__x86.get_pc_thunk.ax
                0x0000000000000000        0x4 kernel/tty.o
 .text.__x86.get_pc_thunk.bx
                0x0000000000000000        0x4 kernel/tty.o
 .note.GNU-stack
                0x0000000000000000        0x0 kernel/tty.o
 .group         0x0000000000000000        0x8 kernel/console.o
 .group         0x0000000000000000        0x8 kernel/console.o
 .group         0x0000000000000000        0x8 kernel/console.o
 .group         0x0000000000000000        0x8 kernel/console.o
 .text.__x86.get_pc_thunk.ax
                0x0000000000000000        0x4 kernel/console.o
 .text.__x86.get_pc_thunk.bx
                0x0000000000000000        0x4 kernel/console.o
 .note.GNU-stack
                0x0000000000000000        0x0 kernel/console.o
 .group         0x0000000000000000        0x8 kernel/i8259.o
 .text.__x86.get_pc_thunk.bx
                0x0000000000000000        0x4 kernel/i8259.o
 .note.GNU-stack
                0x0000000000000000        0x0 kernel/i8259.o
 .note.GNU-stack
                0x0000000000000000        0x0 kernel/global.o
 .group         0x0000000000000000        0x8 kernel/protect.o
 .group         0x0000000000000000        0x8 kernel/protect.o
 .text.__x86.get_pc_thunk.ax
                0x0000000000000000        0x4 kernel/protect.o
 .text.__x86.get_pc_thunk.bx
                0x0000000000000000        0x4 kernel/protect.o
 .note.GNU-stack
                0x0000000000000000        0x0 kernel/protect.o
 .group         0x0000000000000000        0x8 kernel/proc.o
 .group         0x0000000000000000        0x8 kernel/proc.o
 .group         0x0000000000000000        0x8 kernel/proc.o
 .text.__x86.get_pc_thunk.ax
                0x0000000000000000        0x4 kernel/proc.o
 .text.__x86.get_pc_thunk.dx
                0x0000000000000000        0x4 kernel/proc.o
 .text.__x86.get_pc_thunk.bx
                0x0000000000000000        0x4 kernel/proc.o
 .note.GNU-stack
                0x0000000000000000        0x0 kernel/proc.o
 .group         0x0000000000000000        0x8 kernel/systask.o
 .text.__x86.get_pc_thunk.bx
                0x0000000000000000        0x4 kernel/systask.o
 .note.GNU-stack
                0x0000000000000000        0x0 kernel/systask.o
 .group         0x0000000000000000        0x8 kernel/hd.o
 .group         0x0000000000000000        0x8 kernel/hd.o
 .text.__x86.get_pc_thunk.ax
                0x0000000000000000        0x4 kernel/hd.o
 .text.__x86.get_pc_thunk.bx
                0x0000000000000000        0x4 kernel/hd.o
 .note.GNU-stack
                0x0000000000000000        0x0 kernel/hd.o
 .group         0x0000000000000000        0x8 lib/printf.o
 .text.__x86.get_pc_thunk.bx
                0x0000000000000000        0x4 lib/printf.o
 .note.GNU-stack
                0x0000000000000000        0x0 lib/printf.o
 .group         0x0000000000000000        0x8 lib/vsprintf.o
 .group         0x0000000000000000        0x8 lib/vsprintf.o
 .text.__x86.get_pc_thunk.ax
                0x0000000000000000        0x4 lib/vsprintf.o
 .text.__x86.get_pc_thunk.bx
                0x0000000000000000        0x4 lib/vsprintf.o
 .note.GNU-stack
                0x0000000000000000        0x0 lib/vsprintf.o
 .group         0x0000000000000000        0x8 lib/klib.o
 .group         0x0000000000000000        0x8 lib/klib.o
 .text.__x86.get_pc_thunk.ax
                0x0000000000000000        0x4 lib/klib.o
 .text.__x86.get_pc_thunk.bx
                0x0000000000000000        0x4 lib/klib.o
 .note.GNU-stack
                0x0000000000000000        0x0 lib/klib.o
 .group         0x0000000000000000        0x8 lib/misc.o
 .group         0x0000000000000000        0x8 lib/misc.o
 .text.__x86.get_pc_thunk.ax
                0x0000000000000000        0x4 lib/misc.o
 .text.__x86.get_pc_thunk.bx
                0x0000000000000000        0x4 lib/misc.o
 .note.GNU-stack
                0x0000000000000000        0x0 lib/misc.o
 .group         0x0000000000000000        0x8 lib/open.o
 .text.__x86.get_pc_thunk.bx
                0x0000000000000000        0x4 lib/open.o
 .note.GNU-stack
                0x0000000000000000        0x0 lib/open.o
 .group         0x0000000000000000        0x8 lib/read.o
 .text.__x86.get_pc_thunk.ax
                0x0000000000000000        0x4 lib/read.o
 .note.GNU-stack
                0x0000000000000000        0x0 lib/read.o
 .group         0x0000000000000000        0x8 lib/write.o
 .text.__x86.get_pc_thunk.ax
                0x0000000000000000        0x4 lib/write.o
 .note.GNU-stack
                0x0000000000000000        0x0 lib/write.o
 .group         0x0000000000000000        0x8 lib/close.o
 .text.__x86.get_pc_thunk.ax
                0x0000000000000000        0x4 lib/close.o
 .note.GNU-stack
                0x0000000000000000        0x0 lib/close.o
 .group         0x0000000000000000        0x8 lib/unlink.o
 .text.__x86.get_pc_thunk.bx
                0x0000000000000000        0x4 lib/unlink.o
 .note.GNU-stack
                0x0000000000000000        0x0 lib/unlink.o
 .group         0x0000000000000000        0x8 lib/getpid.o
 .text.__x86.get_pc_thunk.bx
                0x0000000000000000        0x4 lib/getpid.o
 .note.GNU-stack
                0x0000000000000000        0x0 lib/getpid.o
 .group         0x0000000000000000        0x8 lib/syslog.o
 .text.__x86.get_pc_thunk.bx
                0x0000000000000000        0x4 lib/syslog.o
 .note.GNU-stack
                0x0000000000000000        0x0 lib/syslog.o
 .group         0x0000000000000000        0x8 fs/main.o
 .group         0x0000000000000000        0x8 fs/main.o
 .text.__x86.get_pc_thunk.ax
                0x0000000000000000        0x4 fs/main.o
 .text.__x86.get_pc_thunk.bx
                0x0000000000000000        0x4 fs/main.o
 .note.GNU-stack
                0x0000000000000000        0x0 fs/main.o
 .group         0x0000000000000000        0x8 fs/open.o
 .group         0x0000000000000000        0x8 fs/open.o
 .text.__x86.get_pc_thunk.ax
                0x0000000000000000        0x4 fs/open.o
 .text.__x86.get_pc_thunk.bx
                0x0000000000000000        0x4 fs/open.o
 .note.GNU-stack
                0x0000000000000000        0x0 fs/open.o
 .group         0x0000000000000000        0x8 fs/misc.o
 .group         0x0000000000000000        0x8 fs/misc.o
 .text.__x86.get_pc_thunk.cx
                0x0000000000000000        0x4 fs/misc.o
 .text.__x86.get_pc_thunk.bx
                0x0000000000000000        0x4 fs/misc.o
 .note.GNU-stack
                0x0000000000000000        0x0 fs/misc.o
 .group         0x0000000000000000        0x8 fs/read_write.o
 .text.__x86.get_pc_thunk.bx
                0x0000000000000000        0x4 fs/read_write.o
 .note.GNU-stack
                0x0000000000000000        0x0 fs/read_write.o
 .group         0x0000000000000000        0x8 fs/link.o
 .text.__x86.get_pc_thunk.bx
                0x0000000000000000        0x4 fs/link.o
 .note.GNU-stack
                0x0000000000000000        0x0 fs/link.o
 .group         0x0000000000000000        0x8 fs/disklog.o
 .text.__x86.get_pc_thunk.bx
                0x0000000000000000        0x4 fs/disklog.o
 .note.GNU-stack
                0x0000000000000000        0x0 fs/disklog.o

Memory Configuration

Name             Origin             Length             Attributes
*default*        0x0000000000000000 0xffffffffffffffff

Linker script and memory map

Address of section .text set to 0x1000
LOAD kernel/kernel.o
LOAD lib/syscall.o
LOAD kernel/start.o
LOAD kernel/main.o
LOAD kernel/clock.o
LOAD kernel/keyboard.o
LOAD kernel/tty.o
LOAD kernel/console.o
LOAD kernel/i8259.o
LOAD kernel/global.o
LOAD kernel/protect.o
LOAD kernel/proc.o
LOAD kernel/systask.o
LOAD kernel/hd.o
LOAD lib/printf.o
LOAD lib/vsprintf.o
LOAD lib/kliba.o
LOAD lib/klib.o
LOAD lib/string.o
LOAD lib/misc.o
LOAD lib/open.o
LOAD lib/read.o
LOAD lib/write.o
LOAD lib/close.o
LOAD lib/unlink.o
LOAD lib/getpid.o
LOAD lib/syslog.o
LOAD fs/main.o
LOAD fs/open.o
LOAD fs/misc.o
LOAD fs/read_write.o
LOAD fs/link.o
LOAD fs/disklog.o
                [!provide]                        PROVIDE (__executable_start = SEGMENT_START ("text-segment", 0x8048000))
                0x0000000008048094                . = (SEGMENT_START ("text-segment", 0x8048000) + SIZEOF_HEADERS)

.interp
 *(.interp)

.note.gnu.build-id
 *(.note.gnu.build-id)

.hash
 *(.hash)

.gnu.hash
 *(.gnu.hash)

.dynsym
 *(.dynsym)

.dynstr
 *(.dynstr)

.gnu.version
 *(.gnu.version)

.gnu.version_d
 *(.gnu.version_d)

.gnu.version_r
 *(.gnu.version_r)

.rel.dyn        0x0000000008048094        0x0
 *(.rel.init)
 *(.rel.text .rel.text.* .rel.gnu.linkonce.t.*)
 .rel.text      0x0000000008048094        0x0 kernel/kernel.o
 *(.rel.fini)
 *(.rel.rodata .rel.rodata.* .rel.gnu.linkonce.r.*)
 *(.rel.data.rel.ro .rel.data.rel.ro.* .rel.gnu.linkonce.d.rel.ro.*)
 *(.rel.data .rel.data.* .rel.gnu.linkonce.d.*)
 *(.rel.tdata .rel.tdata.* .rel.gnu.linkonce.td.*)
 *(.rel.tbss .rel.tbss.* .rel.gnu.linkonce.tb.*)
 *(.rel.ctors)
 *(.rel.dtors)
 *(.rel.got)
 .rel.got       0x0000000008048094        0x0 kernel/kernel.o
 *(.rel.bss .rel.bss.* .rel.gnu.linkonce.b.*)
 *(.rel.ifunc)

.rel.plt        0x0000000008048094        0x0
 *(.rel.plt)
                [!provide]                        PROVIDE (__rel_iplt_start = .)
 *(.rel.iplt)
 .rel.iplt      0x0000000008048094        0x0 kernel/kernel.o
                [!provide]                        PROVIDE (__rel_iplt_end = .)

.init
 *(SORT_NONE(.init))

.plt            0x0000000008048098        0x0
 *(.plt)
 *(.iplt)
 .iplt          0x0000000008048098        0x0 kernel/kernel.o

.plt.got
 *(.plt.got)

.plt.sec
 *(.plt.sec)

.text           0x0000000000001000     0xcf40
 *(.text.unlikely .text.*_unlikely .text.unlikely.*)
 *(.text.exit .text.exit.*)
 *(.text.startup .text.startup.*)
 *(.text.hot .text.hot.*)
 *(.text .stub .text.* .gnu.linkonce.t.*)
 .text          0x0000000000001000      0x410 kernel/kernel.o
                0x0000000000001000                _start
                0x0000000000001040                hwint00
                0x0000000000001070                hwint01
                0x00000000000010a0                hwint02
                0x00000000000010d0                hwint03
                0x0000000000001100                hwint04
                0x0000000000001130                hwint05
                0x0000000000001160                hwint06
                0x0000000000001190                hwint07
                0x00000000000011c0                hwint08
                0x00000000000011f0                hwint09
                0x0000000000001220                hwint10
                0x0000000000001250                hwint11
                0x0000000000001280                hwint12
                0x00000000000012b0                hwint13
                0x00000000000012e0                hwint14
                0x0000000000001310                hwint15
                0x0000000000001334                divide_error
                0x000000000000133a                single_step_exception
                0x0000000000001340                nmi
                0x0000000000001346                breakpoint_exception
                0x000000000000134c                overflow
                0x0000000000001352                bounds_check
                0x0000000000001358                inval_opcode
                0x000000000000135e                copr_not_available
                0x0000000000001364                double_fault
                0x0000000000001368                copr_seg_overrun
                0x000000000000136e                inval_tss
                0x0000000000001372                segment_not_present
                0x0000000000001376                stack_exception
                0x000000000000137a                general_protection
                0x000000000000137e                page_fault
                0x0000000000001382                copr_error
                0x00000000000013cb                sys_call
                0x00000000000013eb                restart
 .text          0x0000000000001410       0x28 lib/syscall.o
                0x0000000000001410                sendrec
                0x000000000000142a                printx
 .text          0x0000000000001438       0xc3 kernel/start.o
                0x0000000000001438                cstart
 .text.__x86.get_pc_thunk.bx
                0x00000000000014fb        0x4 kernel/start.o
                0x00000000000014fb                __x86.get_pc_thunk.bx
 .text          0x00000000000014ff     0x2dd3 kernel/main.o
                0x00000000000014ff                kernel_main
                0x00000000000017b2                get_ticks
                0x00000000000017f5                clear
                0x000000000000187d                TestA
                0x0000000000001cd6                help
                0x0000000000001dea                Power
                0x0000000000001e25                calculator
                0x000000000000211d                f
                0x000000000000213d                g
                0x0000000000002160                n
                0x00000000000021c1                w
                0x0000000000002230                Calendar
                0x0000000000002614                Game1
                0x0000000000002718                CreateFood
                0x000000000000279e                HeadTail
                0x0000000000002919                Border
                0x0000000000002967                Move
                0x0000000000002bce                Button
                0x0000000000002c9e                Initial
                0x0000000000002e33                Game2
                0x0000000000002f67                timer
                0x00000000000031f9                Game3
                0x0000000000003505                TestB
                0x0000000000003930                help_b
                0x00000000000039ea                create_file
                0x0000000000003a7f                read_file
                0x0000000000003b14                write_file
                0x0000000000003bba                del_file
                0x0000000000003c18                TestC
                0x0000000000003c27                help_c
                0x0000000000003ce1                addProcess
                0x0000000000003d26                ProcessInfo
                0x0000000000003e0e                ProcessManager
                0x0000000000004278                panic
 .text.__x86.get_pc_thunk.ax
                0x00000000000042d2        0x4 kernel/main.o
                0x00000000000042d2                __x86.get_pc_thunk.ax
 .text          0x00000000000042d6      0x157 kernel/clock.o
                0x00000000000042d6                clock_handler
                0x000000000000437a                milli_delay
                0x00000000000043c4                init_clock
 .text          0x000000000000442d      0x7a7 kernel/keyboard.o
                0x000000000000442d                keyboard_handler
                0x00000000000044b2                init_keyboard
                0x000000000000457c                keyboard_read
 .text          0x0000000000004bd4      0xac7 kernel/tty.o
                0x0000000000004bd4                task_tty
                0x0000000000004dbf                in_process
                0x000000000000533d                sys_printx
                0x0000000000005505                dump_tty_buf
 .text          0x000000000000569b      0x882 kernel/console.o
                0x000000000000569b                init_screen
                0x0000000000005823                out_char
                0x0000000000005ae1                clear_screen
                0x0000000000005b25                is_current_console
                0x0000000000005b58                set_cursor
                0x0000000000005bcf                set_video_start_addr
                0x0000000000005c46                select_console
                0x0000000000005c99                scroll_screen
                0x0000000000005e94                flush
 .text.__x86.get_pc_thunk.dx
                0x0000000000005f1d        0x4 kernel/console.o
                0x0000000000005f1d                __x86.get_pc_thunk.dx
 .text.__x86.get_pc_thunk.cx
                0x0000000000005f21        0x4 kernel/console.o
                0x0000000000005f21                __x86.get_pc_thunk.cx
 .text          0x0000000000005f25      0x167 kernel/i8259.o
                0x0000000000005f25                init_8259A
                0x000000000000600d                spurious_irq
                0x0000000000006057                put_irq_handler
 .text          0x000000000000608c        0x0 kernel/global.o
 .text          0x000000000000608c      0x6c7 kernel/protect.o
                0x000000000000608c                init_prot
                0x0000000000006529                seg2phys
                0x00000000000065fc                exception_handler
 .text          0x0000000000006753     0x1a09 kernel/proc.o
                0x0000000000006753                schedule
                0x0000000000006807                sys_sendrec
                0x000000000000694e                send_recv
                0x0000000000006a20                ldt_seg_linear
                0x0000000000006a74                va2la
                0x0000000000006aed                reset_msg
                0x0000000000007adb                inform_int
                0x0000000000007c87                dump_proc
                0x000000000000802b                dump_msg
 .text          0x000000000000815c       0x96 kernel/systask.o
                0x000000000000815c                task_sys
 .text          0x00000000000081f2      0xf9e kernel/hd.o
                0x00000000000081f2                task_hd
                0x0000000000009155                hd_handler
 .text          0x0000000000009190       0xd1 lib/printf.o
                0x0000000000009190                printf
                0x0000000000009210                printl
 .text          0x0000000000009261      0x330 lib/vsprintf.o
                0x00000000000092d1                vsprintf
                0x0000000000009561                sprintf
 *fill*         0x0000000000009591        0xf 
 .text          0x00000000000095a0      0x19a lib/kliba.o
                0x00000000000095a0                disp_str
                0x00000000000095de                disp_color_str
                0x000000000000961d                out_byte
                0x0000000000009629                in_byte
                0x0000000000009633                port_read
                0x0000000000009646                port_write
                0x0000000000009659                disable_irq
                0x000000000000968e                enable_irq
                0x00000000000096ad                disable_int
                0x00000000000096af                enable_int
                0x00000000000096b1                glitter
 .text          0x000000000000973a      0x200 lib/klib.o
                0x000000000000973a                itoa
                0x00000000000097ef                atoi
                0x00000000000098b3                disp_int
                0x00000000000098e9                delay
 *fill*         0x000000000000993a        0x6 
 .text          0x0000000000009940       0x78 lib/string.o
                0x0000000000009940                memcpy
                0x0000000000009969                memset
                0x000000000000998a                strcpy
                0x00000000000099a2                strlen
 .text          0x00000000000099b8      0x1dc lib/misc.o
                0x00000000000099b8                memcmp
                0x0000000000009a38                strcmp
                0x0000000000009ab5                strcat
                0x0000000000009b1e                spin
                0x0000000000009b48                assertion_failure
 .text          0x0000000000009b94       0x78 lib/open.o
                0x0000000000009b94                open
 .text          0x0000000000009c0c       0x47 lib/read.o
                0x0000000000009c0c                read
 .text          0x0000000000009c53       0x47 lib/write.o
                0x0000000000009c53                write
 .text          0x0000000000009c9a       0x3b lib/close.o
                0x0000000000009c9a                close
 .text          0x0000000000009cd5       0x4b lib/unlink.o
                0x0000000000009cd5                unlink
 .text          0x0000000000009d20       0x5b lib/getpid.o
                0x0000000000009d20                getpid
 .text          0x0000000000009d7b       0xe8 lib/syslog.o
                0x0000000000009d7b                syslog
 .text          0x0000000000009e63      0xf09 fs/main.o
                0x0000000000009e63                task_fs
                0x000000000000a7cc                rw_sector
                0x000000000000aa21                get_super_block
                0x000000000000aa83                get_inode
                0x000000000000ac05                put_inode
                0x000000000000ac59                sync_inode
 .text          0x000000000000ad6c      0xbbf fs/open.o
                0x000000000000ad6c                do_open
                0x000000000000b23a                do_close
                0x000000000000b2b2                do_lseek
 .text          0x000000000000b92b      0x206 fs/misc.o
                0x000000000000b92b                search_file
                0x000000000000ba94                strip_path
 .text          0x000000000000bb31      0x54e fs/read_write.o
                0x000000000000bb31                do_rdwt
 .text          0x000000000000c07f      0x88d fs/link.o
                0x000000000000c07f                do_unlink
 .text          0x000000000000c90c     0x1634 fs/disklog.o
                0x000000000000c90c                do_disklog
                0x000000000000c9c6                disklog
                0x000000000000cf01                dump_fd_graph
 *(.gnu.warning)

.fini
 *(SORT_NONE(.fini))
                [!provide]                        PROVIDE (__etext = .)
                [!provide]                        PROVIDE (_etext = .)
                [!provide]                        PROVIDE (etext = .)

.rodata         0x000000000000df40     0x3217
 *(.rodata .rodata.* .gnu.linkonce.r.*)
 .rodata        0x000000000000df40       0x47 kernel/start.o
 *fill*         0x000000000000df87        0x1 
 .rodata        0x000000000000df88     0x1510 kernel/main.o
 .rodata        0x000000000000f498       0x64 kernel/keyboard.o
 .rodata        0x000000000000f4fc      0x13c kernel/tty.o
 .rodata        0x000000000000f638       0x5b kernel/console.o
 .rodata        0x000000000000f693       0x11 kernel/i8259.o
 .rodata        0x000000000000f6a4        0x4 kernel/global.o
                0x000000000000f6a4                FSBUF_SIZE
 *fill*         0x000000000000f6a8       0x18 
 .rodata        0x000000000000f6c0      0x540 kernel/protect.o
 .rodata        0x000000000000fc00      0x62e kernel/proc.o
 .rodata        0x000000000001022e       0x11 kernel/systask.o
 *fill*         0x000000000001023f        0x1 
 .rodata        0x0000000000010240      0x1ba kernel/hd.o
 .rodata        0x00000000000103fa       0x14 lib/printf.o
 *fill*         0x000000000001040e        0x2 
 .rodata        0x0000000000010410       0x61 lib/misc.o
 .rodata        0x0000000000010471       0x23 lib/open.o
 .rodata        0x0000000000010494       0x25 lib/getpid.o
 .rodata        0x00000000000104b9       0x32 lib/syslog.o
 *fill*         0x00000000000104eb        0x1 
 .rodata        0x00000000000104ec      0x206 fs/main.o
 *fill*         0x00000000000106f2        0x2 
 .rodata        0x00000000000106f4      0x138 fs/open.o
 .rodata        0x000000000001082c      0x164 fs/read_write.o
 .rodata        0x0000000000010990      0x19d fs/link.o
 *fill*         0x0000000000010b2d        0x3 
 .rodata        0x0000000000010b30      0x627 fs/disklog.o

.rodata1
 *(.rodata1)

.eh_frame_hdr
 *(.eh_frame_hdr)
 *(.eh_frame_entry .eh_frame_entry.*)

.eh_frame       0x0000000000011158     0x1564
 *(.eh_frame)
 .eh_frame      0x0000000000011158       0x50 kernel/start.o
 .eh_frame      0x00000000000111a8      0x4c8 kernel/main.o
                                        0x4f4 (size before relaxing)
 .eh_frame      0x0000000000011670       0x6c kernel/clock.o
                                         0x98 (size before relaxing)
 .eh_frame      0x00000000000116dc       0xfc kernel/keyboard.o
                                        0x128 (size before relaxing)
 .eh_frame      0x00000000000117d8      0x15c kernel/tty.o
                                        0x19c (size before relaxing)
 .eh_frame      0x0000000000011934      0x180 kernel/console.o
                                        0x1c0 (size before relaxing)
 .eh_frame      0x0000000000011ab4       0x6c kernel/i8259.o
                                         0x98 (size before relaxing)
 .eh_frame      0x0000000000011b20       0xb8 kernel/protect.o
                                         0xf8 (size before relaxing)
 .eh_frame      0x0000000000011bd8      0x20c kernel/proc.o
                                        0x260 (size before relaxing)
 .eh_frame      0x0000000000011de4       0x1c kernel/systask.o
                                         0x48 (size before relaxing)
 .eh_frame      0x0000000000011e00      0x22c kernel/hd.o
                                        0x26c (size before relaxing)
 .eh_frame      0x000000000001202c       0x48 lib/printf.o
                                         0x74 (size before relaxing)
 .eh_frame      0x0000000000012074       0x68 lib/vsprintf.o
                                         0xa8 (size before relaxing)
 .eh_frame      0x00000000000120dc       0x84 lib/klib.o
                                         0xc4 (size before relaxing)
 .eh_frame      0x0000000000012160       0xa0 lib/misc.o
                                         0xe0 (size before relaxing)
 .eh_frame      0x0000000000012200       0x24 lib/open.o
                                         0x50 (size before relaxing)
 .eh_frame      0x0000000000012224       0x24 lib/read.o
                                         0x50 (size before relaxing)
 .eh_frame      0x0000000000012248       0x24 lib/write.o
                                         0x50 (size before relaxing)
 .eh_frame      0x000000000001226c       0x24 lib/close.o
                                         0x50 (size before relaxing)
 .eh_frame      0x0000000000012290       0x24 lib/unlink.o
                                         0x50 (size before relaxing)
 .eh_frame      0x00000000000122b4       0x24 lib/getpid.o
                                         0x50 (size before relaxing)
 .eh_frame      0x00000000000122d8       0x24 lib/syslog.o
                                         0x50 (size before relaxing)
 .eh_frame      0x00000000000122fc      0x150 fs/main.o
                                        0x190 (size before relaxing)
 .eh_frame      0x000000000001244c      0x13c fs/open.o
                                        0x17c (size before relaxing)
 .eh_frame      0x0000000000012588       0x50 fs/misc.o
                                         0x90 (size before relaxing)
 .eh_frame      0x00000000000125d8       0x30 fs/read_write.o
                                         0x5c (size before relaxing)
 .eh_frame      0x0000000000012608       0x30 fs/link.o
                                         0x5c (size before relaxing)
 .eh_frame      0x0000000000012638       0x84 fs/disklog.o
                                         0xb0 (size before relaxing)
 *(.eh_frame.*)

.gcc_except_table
 *(.gcc_except_table .gcc_except_table.*)

.gnu_extab
 *(.gnu_extab*)

.exception_ranges
 *(.exception_ranges .exception_ranges*)
                0x0000000000014000                . = DATA_SEGMENT_ALIGN (CONSTANT (MAXPAGESIZE), CONSTANT (COMMONPAGESIZE))

.eh_frame
 *(.eh_frame)
 *(.eh_frame.*)

.gnu_extab
 *(.gnu_extab)

.gcc_except_table
 *(.gcc_except_table .gcc_except_table.*)

.exception_ranges
 *(.exception_ranges .exception_ranges*)

.tdata
 *(.tdata .tdata.* .gnu.linkonce.td.*)

.tbss
 *(.tbss .tbss.* .gnu.linkonce.tb.*)
 *(.tcommon)

.preinit_array  0x0000000000014000        0x0
                [!provide]                        PROVIDE (__preinit_array_start = .)
 *(.preinit_array)
                [!provide]                        PROVIDE (__preinit_array_end = .)

.init_array     0x0000000000014000        0x0
                [!provide]                        PROVIDE (__init_array_start = .)
 *(SORT_BY_INIT_PRIORITY(.init_array.*) SORT_BY_INIT_PRIORITY(.ctors.*))
 *(.init_array EXCLUDE_FILE(*crtend?.o *crtend.o *crtbegin?.o *crtbegin.o) .ctors)
                [!provide]                        PROVIDE (__init_array_end = .)

.fini_array     0x0000000000014000        0x0
                [!provide]                        PROVIDE (__fini_array_start = .)
 *(SORT_BY_INIT_PRIORITY(.fini_array.*) SORT_BY_INIT_PRIORITY(.dtors.*))
 *(.fini_array EXCLUDE_FILE(*crtend?.o *crtend.o *crtbegin?.o *crtbegin.o) .dtors)
                [!provide]                        PROVIDE (__fini_array_end = .)

.ctors
 *crtbegin.o(.ctors)
 *crtbegin?.o(.ctors)
 *(EXCLUDE_FILE(*crtend?.o *crtend.o) .ctors)
 *(SORT_BY_NAME(.ctors.*))
 *(.ctors)

.dtors
 *crtbegin.o(.dtors)
 *crtbegin?.o(.dtors)
 *(EXCLUDE_FILE(*crtend?.o *crtend.o) .dtors)
 *(SORT_BY_NAME(.dtors.*))
 *(.dtors)

.jcr
 *(.jcr)

.data.rel.ro
 *(.data.rel.ro.local* .gnu.linkonce.d.rel.ro.local.*)
 *(.data.rel.ro .data.rel.ro.* .gnu.linkonce.d.rel.ro.*)

.dynamic
 *(.dynamic)

.got            0x0000000000014000        0x0
 *(.got)
 .got           0x0000000000014000        0x0 kernel/kernel.o
 *(.igot)
                0x0000000000014ff4                . = DATA_SEGMENT_RELRO_END (., (SIZEOF (.got.plt) >= 0xc)?0xc:0x0)

.got.plt        0x0000000000014000        0xc
 *(.got.plt)
 .got.plt       0x0000000000014000        0xc kernel/kernel.o
                0x0000000000014000                _GLOBAL_OFFSET_TABLE_
 *(.igot.plt)
 .igot.plt      0x000000000001400c        0x0 kernel/kernel.o

.data           0x0000000000014020      0x824
 *(.data .data.* .gnu.linkonce.d.*)
 .data          0x0000000000014020        0x2 kernel/kernel.o
 .data          0x0000000000014022        0x0 kernel/start.o
 *fill*         0x0000000000014022       0x1e 
 .data          0x0000000000014040       0x88 kernel/main.o
                0x0000000000014040                day_month
                0x00000000000140a0                sum
                0x00000000000140a4                dx
                0x00000000000140b4                dy
                0x00000000000140c4                Shead
                0x00000000000140c5                Sbody
                0x00000000000140c6                Sfood
                0x00000000000140c7                Snode
 .data          0x00000000000140c8        0x0 kernel/clock.o
 *fill*         0x00000000000140c8       0x18 
 .data          0x00000000000140e0      0x600 kernel/keyboard.o
                0x00000000000140e0                keymap
 .data          0x00000000000146e0       0x22 kernel/tty.o
 .data          0x0000000000014702        0x0 kernel/console.o
 .data          0x0000000000014702        0x0 kernel/i8259.o
 *fill*         0x0000000000014702        0x2 
 .data          0x0000000000014704       0x1c kernel/global.o
                0x0000000000014704                dd_map
                0x000000000001471c                fsbuf
 .data.rel      0x0000000000014720      0x124 kernel/global.o
                0x0000000000014720                task_table
                0x00000000000147c0                user_proc_table
                0x0000000000014838                sys_call_table
 .data          0x0000000000014844        0x0 kernel/protect.o
 .data          0x0000000000014844        0x0 kernel/proc.o
 .data          0x0000000000014844        0x0 kernel/systask.o
 .data          0x0000000000014844        0x0 kernel/hd.o
 .data          0x0000000000014844        0x0 lib/printf.o
 .data          0x0000000000014844        0x0 lib/vsprintf.o
 .data          0x0000000000014844        0x0 lib/klib.o
 .data          0x0000000000014844        0x0 lib/misc.o
 .data          0x0000000000014844        0x0 lib/open.o
 .data          0x0000000000014844        0x0 lib/read.o
 .data          0x0000000000014844        0x0 lib/write.o
 .data          0x0000000000014844        0x0 lib/close.o
 .data          0x0000000000014844        0x0 lib/unlink.o
 .data          0x0000000000014844        0x0 lib/getpid.o
 .data          0x0000000000014844        0x0 lib/syslog.o
 .data          0x0000000000014844        0x0 fs/main.o
 .data          0x0000000000014844        0x0 fs/open.o
 .data          0x0000000000014844        0x0 fs/misc.o
 .data          0x0000000000014844        0x0 fs/read_write.o
 .data          0x0000000000014844        0x0 fs/link.o
 .data          0x0000000000014844        0x0 fs/disklog.o

.data1
 *(.data1)
                0x0000000000014844                _edata = .
                [!provide]                        PROVIDE (edata = .)
                0x0000000000014844                . = .
                0x0000000000014844                __bss_start = .

.bss            0x0000000000014860    0x3d91c
 *(.dynbss)
 *(.bss .bss.* .gnu.linkonce.b.*)
 .bss           0x0000000000014860      0x800 kernel/kernel.o
 .bss           0x0000000000015060        0x0 kernel/start.o
 .bss           0x0000000000015060        0x4 kernel/main.o
                0x0000000000015060                over
 .bss           0x0000000000015064        0x0 kernel/clock.o
 *fill*         0x0000000000015064       0x1c 
 .bss           0x0000000000015080       0x58 kernel/keyboard.o
 .bss           0x00000000000150d8        0x0 kernel/tty.o
 .bss           0x00000000000150d8        0x0 kernel/console.o
 .bss           0x00000000000150d8        0x0 kernel/i8259.o
 .bss           0x00000000000150d8        0x0 kernel/global.o
 .bss           0x00000000000150d8        0x0 kernel/protect.o
 .bss           0x00000000000150d8        0x0 kernel/proc.o
 .bss           0x00000000000150d8        0x0 kernel/systask.o
 *fill*         0x00000000000150d8        0x8 
 .bss           0x00000000000150e0      0x64c kernel/hd.o
 .bss           0x000000000001572c        0x0 lib/printf.o
 .bss           0x000000000001572c        0x0 lib/vsprintf.o
 .bss           0x000000000001572c        0x0 lib/klib.o
 .bss           0x000000000001572c        0x0 lib/misc.o
 .bss           0x000000000001572c        0x0 lib/open.o
 .bss           0x000000000001572c        0x0 lib/read.o
 .bss           0x000000000001572c        0x0 lib/write.o
 .bss           0x000000000001572c        0x0 lib/close.o
 .bss           0x000000000001572c        0x0 lib/unlink.o
 .bss           0x000000000001572c        0x0 lib/getpid.o
 .bss           0x000000000001572c        0x0 lib/syslog.o
 .bss           0x000000000001572c        0x0 fs/main.o
 .bss           0x000000000001572c        0x0 fs/open.o
 .bss           0x000000000001572c        0x0 fs/misc.o
 .bss           0x000000000001572c        0x0 fs/read_write.o
 .bss           0x000000000001572c        0x0 fs/link.o
 *fill*         0x000000000001572c       0x14 
 .bss           0x0000000000015740      0x208 fs/disklog.o
 *(COMMON)
 *fill*         0x0000000000015948       0x18 
 COMMON         0x0000000000015960      0xe60 kernel/main.o
                0x0000000000015960                GameMap
                0x00000000000159e0                date
                0x00000000000161c0                Snake
 COMMON         0x00000000000167c0    0x3b9ac kernel/global.o
                0x00000000000167c0                idt_ptr
                0x00000000000167e0                inode_table
                0x00000000000172e0                task_stack
                0x000000000004f2e0                k_reenter
                0x000000000004f300                gdt
                0x000000000004f700                current_console
                0x000000000004f704                pcaller
                0x000000000004f720                tty_table
                0x00000000000507c0                tss
                0x0000000000050840                fs_msg
                0x0000000000050880                f_desc_table
                0x0000000000050b80                root_inode
                0x0000000000050b84                disp_pos
                0x0000000000050b88                key_pressed
                0x0000000000050b8c                gdt_ptr
                0x0000000000050ba0                idt
                0x00000000000513a0                super_block
                0x0000000000051580                ticks
                0x00000000000515a0                console_table
                0x0000000000051600                irq_table
                0x0000000000051640                p_proc_ready
                0x0000000000051660                proc_table
 COMMON         0x000000000005216c       0x10 kernel/hd.o
                0x000000000005216c                PARTITION_ENTRY
                0x000000000005217c                . = ALIGN ((. != 0x0)?0x4:0x1)
                0x000000000005217c                . = ALIGN (0x4)
                0x000000000005217c                . = SEGMENT_START ("ldata-segment", .)
                0x000000000005217c                . = ALIGN (0x4)
                0x000000000005217c                _end = .
                [!provide]                        PROVIDE (end = .)
                0x000000000005217c                . = DATA_SEGMENT_END (.)

.stab
 *(.stab)

.stabstr
 *(.stabstr)

.stab.excl
 *(.stab.excl)

.stab.exclstr
 *(.stab.exclstr)

.stab.index
 *(.stab.index)

.stab.indexstr
 *(.stab.indexstr)

.comment        0x0000000000000000       0x2b
 *(.comment)
 .comment       0x0000000000000000       0x2b kernel/start.o
                                         0x2c (size before relaxing)
 .comment       0x000000000000002b       0x2c kernel/main.o
 .comment       0x000000000000002b       0x2c kernel/clock.o
 .comment       0x000000000000002b       0x2c kernel/keyboard.o
 .comment       0x000000000000002b       0x2c kernel/tty.o
 .comment       0x000000000000002b       0x2c kernel/console.o
 .comment       0x000000000000002b       0x2c kernel/i8259.o
 .comment       0x000000000000002b       0x2c kernel/global.o
 .comment       0x000000000000002b       0x2c kernel/protect.o
 .comment       0x000000000000002b       0x2c kernel/proc.o
 .comment       0x000000000000002b       0x2c kernel/systask.o
 .comment       0x000000000000002b       0x2c kernel/hd.o
 .comment       0x000000000000002b       0x2c lib/printf.o
 .comment       0x000000000000002b       0x2c lib/vsprintf.o
 .comment       0x000000000000002b       0x2c lib/klib.o
 .comment       0x000000000000002b       0x2c lib/misc.o
 .comment       0x000000000000002b       0x2c lib/open.o
 .comment       0x000000000000002b       0x2c lib/read.o
 .comment       0x000000000000002b       0x2c lib/write.o
 .comment       0x000000000000002b       0x2c lib/close.o
 .comment       0x000000000000002b       0x2c lib/unlink.o
 .comment       0x000000000000002b       0x2c lib/getpid.o
 .comment       0x000000000000002b       0x2c lib/syslog.o
 .comment       0x000000000000002b       0x2c fs/main.o
 .comment       0x000000000000002b       0x2c fs/open.o
 .comment       0x000000000000002b       0x2c fs/misc.o
 .comment       0x000000000000002b       0x2c fs/read_write.o
 .comment       0x000000000000002b       0x2c fs/link.o
 .comment       0x000000000000002b       0x2c fs/disklog.o

.debug
 *(.debug)

.line
 *(.line)

.debug_srcinfo
 *(.debug_srcinfo)

.debug_sfnames
 *(.debug_sfnames)

.debug_aranges
 *(.debug_aranges)

.debug_pubnames
 *(.debug_pubnames)

.debug_info
 *(.debug_info .gnu.linkonce.wi.*)

.debug_abbrev
 *(.debug_abbrev)

.debug_line
 *(.debug_line .debug_line.* .debug_line_end)

.debug_frame
 *(.debug_frame)

.debug_str
 *(.debug_str)

.debug_loc
 *(.debug_loc)

.debug_macinfo
 *(.debug_macinfo)

.debug_weaknames
 *(.debug_weaknames)

.debug_funcnames
 *(.debug_funcnames)

.debug_typenames
 *(.debug_typenames)

.debug_varnames
 *(.debug_varnames)

.debug_pubtypes
 *(.debug_pubtypes)

.debug_ranges
 *(.debug_ranges)

.debug_macro
 *(.debug_macro)

.debug_addr
 *(.debug_addr)

.gnu.attributes
 *(.gnu.attributes)

/DISCARD/
 *(.note.GNU-stack)
 *(.gnu_debuglink)
 *(.gnu.lto_*)
OUTPUT(kernel.bin elf32-i386)
